// Jest Snapshot v1, https://goo.gl/fbAQLP

exports[`<Main/> should render the heading 1`] = `
<main
  class="styles__Wrapper-sc-ifs46c-0 dXXsmu"
>
  <img
    alt="Imagem de um átomo e React Avançado escrito ao lado."
    class="styles__Logo-sc-ifs46c-1 fWtVLd"
    src="/img/logo.svg"
  />
  <h1
    class="styles__Title-sc-ifs46c-2 gTufRT"
  >
    React Avançado
  </h1>
  <h2
    class="styles__Description-sc-ifs46c-3 dLMmOo"
  >
    TypeScript, ReactJS, NextJS e Styled Components
  </h2>
  <img
    alt="Um desenvolvedor de frente para uma tela com código"
    class="styles__Illustration-sc-ifs46c-4 jioiwN"
    src="/img/hero-illustration.svg"
  />
</main>
`;
